2025-11-21 16:25:08,750 INFO: 
                ____                _       _____  ____
               / __ ) ____ _ _____ (_)_____/ ___/ / __ \
              / __  |/ __ `// ___// // ___/\__ \ / /_/ /
             / /_/ // /_/ /(__  )/ // /__ ___/ // _, _/
            /_____/ \__,_//____//_/ \___//____//_/ |_|
     ______                   __   __                 __      __
    / ____/____   ____   ____/ /  / /   __  __ _____ / /__   / /
   / / __ / __ \ / __ \ / __  /  / /   / / / // ___// //_/  / /
  / /_/ // /_/ // /_/ // /_/ /  / /___/ /_/ // /__ / /<    /_/
  \____/ \____/ \____/ \____/  /_____/\____/ \___//_/|_|  (_)
    
Version Information: 
	BasicSR: 1.4.2
	PyTorch: 2.8.0+cu128
	TorchVision: 0.23.0+cu128
2025-11-21 16:25:08,750 INFO: 
  name: IART_REDS_N16_600K
  model_type: RecurrentMixPrecisionRTModel
  scale: 4
  num_gpu: 1
  manual_seed: 0
  find_unused_parameters: False
  use_static_graph: True
  datasets:[
    train:[
      name: REDS
      type: REDSRecurrentDataset
      dataroot_gt: datasets/REDS/train_sharp
      dataroot_lq: datasets/REDS/train_sharp_bicubic/X4
      meta_info_file: datasets/meta_info/meta_info_REDS_GT.txt
      val_partition: REDS4
      test_mode: False
      io_backend:[
        type: disk
      ]
      num_frame: 16
      gt_size: 256
      interval_list: [1]
      random_reverse: False
      use_hflip: True
      use_rot: True
      use_shuffle: True
      num_worker_per_gpu: 8
      batch_size_per_gpu: 2
      dataset_enlarge_ratio: 1
      prefetch_mode: None
      phase: train
      scale: 4
    ]
    val:[
      name: REDS4
      type: VideoRecurrentTestDataset
      dataroot_gt: datasets/REDS/val_REDS4_sharp
      dataroot_lq: datasets/REDS/val_REDS4_sharp_bicubic/X4
      cache_data: True
      io_backend:[
        type: disk
      ]
      num_frame: -1
      phase: val
      scale: 4
    ]
  ]
  network_g:[
    type: IART
    mid_channels: 64
    embed_dim: 120
    depths: [6, 6, 6]
    num_heads: [6, 6, 6]
    window_size: [3, 8, 8]
    num_frames: 3
    img_size: 64
    patch_size: 1
    cpu_cache_length: 100
    is_low_res_input: True
    spynet_path: experiments/pretrained_models/flownet/spynet_sintel_final-3d2a1287.pth
  ]
  path:[
    pretrain_network_g: None
    strict_load_g: True
    resume_state: None
    experiments_root: C:\Users\snms\Desktop\yuan_project\IART\experiments\IART_REDS_N16_600K
    models: C:\Users\snms\Desktop\yuan_project\IART\experiments\IART_REDS_N16_600K\models
    training_states: C:\Users\snms\Desktop\yuan_project\IART\experiments\IART_REDS_N16_600K\training_states
    log: C:\Users\snms\Desktop\yuan_project\IART\experiments\IART_REDS_N16_600K
    visualization: C:\Users\snms\Desktop\yuan_project\IART\experiments\IART_REDS_N16_600K\visualization
  ]
  train:[
    ema_decay: 0.999
    optim_g:[
      type: Adam
      lr: 0.0002
      weight_decay: 0
      betas: [0.9, 0.99]
    ]
    scheduler:[
      type: CosineAnnealingRestartLR
      periods: [600000]
      restart_weights: [1]
      eta_min: 1e-07
    ]
    total_iter: 600000
    warmup_iter: -1
    fix_flow: 5000
    flow_lr_mul: 0.125
    pixel_opt:[
      type: CharbonnierLoss
      loss_weight: 1.0
      reduction: mean
    ]
  ]
  val:[
    val_freq: 5000.0
    save_img: False
    metrics:[
      psnr:[
        type: calculate_psnr
        crop_border: 0
        test_y_channel: False
      ]
      ssim:[
        type: calculate_ssim
        crop_border: 0
        test_y_channel: False
      ]
    ]
  ]
  logger:[
    print_freq: 1
    save_checkpoint_freq: 5000.0
    use_tb_logger: True
    wandb:[
      project: None
      resume_id: None
    ]
  ]
  dist_params:[
    backend: nccl
    port: 29500
  ]
  dist: False
  rank: 0
  world_size: 1
  auto_resume: True
  is_train: True
  root_path: C:\Users\snms\Desktop\yuan_project\IART

2025-11-21 16:25:08,925 INFO: Temporal augmentation interval list: [1]; random reverse is False.
2025-11-21 16:25:08,925 INFO: Dataset [REDSRecurrentDataset] - REDS is built.
2025-11-21 16:25:08,925 INFO: Training statistics:
	Number of train images: 26600
	Dataset enlarge ratio: 1
	Batch size per gpu: 2
	World size (gpu number): 1
	Require iter number per epoch: 13300
	Total epochs: 46; iters: 600000.
2025-11-21 16:25:08,925 INFO: Generate data info for VideoTestDataset - REDS4
2025-11-21 16:25:08,925 INFO: Dataset [VideoRecurrentTestDataset] - REDS4 is built.
2025-11-21 16:25:08,925 INFO: Number of val images/folders in REDS4: 0
2025-11-21 16:25:09,162 INFO: Network [IART] is created.
2025-11-21 16:25:09,288 INFO: Network: IART, with parameters: 13,410,503
2025-11-21 16:25:09,288 INFO: IART(
  (conv_before_upsample): Conv2d(120, 64, kernel_size=(3, 3), stride=(1, 1), padding=(1, 1))
  (spynet): SpyNet(
    (basic_module): ModuleList(
      (0-5): 6 x BasicModule(
        (basic_module): Sequential(
          (0): Conv2d(8, 32, kernel_size=(7, 7), stride=(1, 1), padding=(3, 3))
          (1): ReLU()
          (2): Conv2d(32, 64, kernel_size=(7, 7), stride=(1, 1), padding=(3, 3))
          (3): ReLU()
          (4): Conv2d(64, 32, kernel_size=(7, 7), stride=(1, 1), padding=(3, 3))
          (5): ReLU()
          (6): Conv2d(32, 16, kernel_size=(7, 7), stride=(1, 1), padding=(3, 3))
          (7): ReLU()
          (8): Conv2d(16, 2, kernel_size=(7, 7), stride=(1, 1), padding=(3, 3))
        )
      )
    )
  )
  (conv_first): Conv2d(3, 120, kernel_size=(3, 3), stride=(1, 1), padding=(1, 1))
  (swin_backbone): ModuleDict(
    (backward_1): SwinIRFM(
      (conv_first): Conv2d(3, 120, kernel_size=(3, 3), stride=(1, 1), padding=(1, 1))
      (conv_first_feat): Conv2d(64, 120, kernel_size=(3, 3), stride=(1, 1), padding=(1, 1))
      (patch_embed): PatchEmbed(
        (norm): LayerNorm((120,), eps=1e-05, elementwise_affine=True)
      )
      (patch_unembed): PatchUnEmbed()
      (pos_drop): Dropout(p=0.0, inplace=False)
      (layers): ModuleList(
        (0): RSTB(
          (residual_group): BasicLayer(
            dim=120, input_resolution=(64, 64), depth=6
            (blocks): ModuleList(
              (0): SwinTransformerBlock(
                dim=120, input_resolution=(64, 64), num_heads=6, window_size=[3, 8, 8], shift_size=(0, 0, 0), mlp_ratio=2.0
                (norm1): LayerNorm((120,), eps=1e-05, elementwise_affine=True)
                (attn): WindowAttention(
                  dim=120, window_size=[3, 8, 8], num_heads=6
                  (qkv): Linear(in_features=120, out_features=360, bias=True)
                  (attn_drop): Dropout(p=0.0, inplace=False)
                  (proj): Linear(in_features=120, out_features=120, bias=True)
                  (proj_drop): Dropout(p=0.0, inplace=False)
                  (softmax): Softmax(dim=-1)
                )
                (drop_path): Identity()
                (norm2): LayerNorm((120,), eps=1e-05, elementwise_affine=True)
                (mlp): Mlp(
                  (fc1): Linear(in_features=120, out_features=240, bias=True)
                  (act): GELU(approximate='none')
                  (fc2): Linear(in_features=240, out_features=120, bias=True)
                  (drop): Dropout(p=0.0, inplace=False)
                )
              )
              (1): SwinTransformerBlock(
                dim=120, input_resolution=(64, 64), num_heads=6, window_size=[3, 8, 8], shift_size=(3, 4, 4), mlp_ratio=2.0
                (norm1): LayerNorm((120,), eps=1e-05, elementwise_affine=True)
                (attn): WindowAttention(
                  dim=120, window_size=[3, 8, 8], num_heads=6
                  (qkv): Linear(in_features=120, out_features=360, bias=True)
                  (attn_drop): Dropout(p=0.0, inplace=False)
                  (proj): Linear(in_features=120, out_features=120, bias=True)
                  (proj_drop): Dropout(p=0.0, inplace=False)
                  (softmax): Softmax(dim=-1)
                )
                (drop_path): DropPath()
                (norm2): LayerNorm((120,), eps=1e-05, elementwise_affine=True)
                (mlp): Mlp(
                  (fc1): Linear(in_features=120, out_features=240, bias=True)
                  (act): GELU(approximate='none')
                  (fc2): Linear(in_features=240, out_features=120, bias=True)
                  (drop): Dropout(p=0.0, inplace=False)
                )
              )
              (2): SwinTransformerBlock(
                dim=120, input_resolution=(64, 64), num_heads=6, window_size=[3, 8, 8], shift_size=(0, 0, 0), mlp_ratio=2.0
                (norm1): LayerNorm((120,), eps=1e-05, elementwise_affine=True)
                (attn): WindowAttention(
                  dim=120, window_size=[3, 8, 8], num_heads=6
                  (qkv): Linear(in_features=120, out_features=360, bias=True)
                  (attn_drop): Dropout(p=0.0, inplace=False)
                  (proj): Linear(in_features=120, out_features=120, bias=True)
                  (proj_drop): Dropout(p=0.0, inplace=False)
                  (softmax): Softmax(dim=-1)
                )
                (drop_path): DropPath()
                (norm2): LayerNorm((120,), eps=1e-05, elementwise_affine=True)
                (mlp): Mlp(
                  (fc1): Linear(in_features=120, out_features=240, bias=True)
                  (act): GELU(approximate='none')
                  (fc2): Linear(in_features=240, out_features=120, bias=True)
                  (drop): Dropout(p=0.0, inplace=False)
                )
              )
              (3): SwinTransformerBlock(
                dim=120, input_resolution=(64, 64), num_heads=6, window_size=[3, 8, 8], shift_size=(3, 4, 4), mlp_ratio=2.0
                (norm1): LayerNorm((120,), eps=1e-05, elementwise_affine=True)
                (attn): WindowAttention(
                  dim=120, window_size=[3, 8, 8], num_heads=6
                  (qkv): Linear(in_features=120, out_features=360, bias=True)
                  (attn_drop): Dropout(p=0.0, inplace=False)
                  (proj): Linear(in_features=120, out_features=120, bias=True)
                  (proj_drop): Dropout(p=0.0, inplace=False)
                  (softmax): Softmax(dim=-1)
                )
                (drop_path): DropPath()
                (norm2): LayerNorm((120,), eps=1e-05, elementwise_affine=True)
                (mlp): Mlp(
                  (fc1): Linear(in_features=120, out_features=240, bias=True)
                  (act): GELU(approximate='none')
                  (fc2): Linear(in_features=240, out_features=120, bias=True)
                  (drop): Dropout(p=0.0, inplace=False)
                )
              )
              (4): SwinTransformerBlock(
                dim=120, input_resolution=(64, 64), num_heads=6, window_size=[3, 8, 8], shift_size=(0, 0, 0), mlp_ratio=2.0
                (norm1): LayerNorm((120,), eps=1e-05, elementwise_affine=True)
                (attn): WindowAttention(
                  dim=120, window_size=[3, 8, 8], num_heads=6
                  (qkv): Linear(in_features=120, out_features=360, bias=True)
                  (attn_drop): Dropout(p=0.0, inplace=False)
                  (proj): Linear(in_features=120, out_features=120, bias=True)
                  (proj_drop): Dropout(p=0.0, inplace=False)
                  (softmax): Softmax(dim=-1)
                )
                (drop_path): DropPath()
                (norm2): LayerNorm((120,), eps=1e-05, elementwise_affine=True)
                (mlp): Mlp(
                  (fc1): Linear(in_features=120, out_features=240, bias=True)
                  (act): GELU(approximate='none')
                  (fc2): Linear(in_features=240, out_features=120, bias=True)
                  (drop): Dropout(p=0.0, inplace=False)
                )
              )
              (5): SwinTransformerBlock(
                dim=120, input_resolution=(64, 64), num_heads=6, window_size=[3, 8, 8], shift_size=(3, 4, 4), mlp_ratio=2.0
                (norm1): LayerNorm((120,), eps=1e-05, elementwise_affine=True)
                (attn): WindowAttention(
                  dim=120, window_size=[3, 8, 8], num_heads=6
                  (qkv): Linear(in_features=120, out_features=360, bias=True)
                  (attn_drop): Dropout(p=0.0, inplace=False)
                  (proj): Linear(in_features=120, out_features=120, bias=True)
                  (proj_drop): Dropout(p=0.0, inplace=False)
                  (softmax): Softmax(dim=-1)
                )
                (drop_path): DropPath()
                (norm2): LayerNorm((120,), eps=1e-05, elementwise_affine=True)
                (mlp): Mlp(
                  (fc1): Linear(in_features=120, out_features=240, bias=True)
                  (act): GELU(approximate='none')
                  (fc2): Linear(in_features=240, out_features=120, bias=True)
                  (drop): Dropout(p=0.0, inplace=False)
                )
              )
            )
          )
          (conv): Conv2d(120, 120, kernel_size=(3, 3), stride=(1, 1), padding=(1, 1))
          (patch_embed): PatchEmbed()
          (patch_unembed): PatchUnEmbed()
        )
        (1-2): 2 x RSTB(
          (residual_group): BasicLayer(
            dim=120, input_resolution=(64, 64), depth=6
            (blocks): ModuleList(
              (0): SwinTransformerBlock(
                dim=120, input_resolution=(64, 64), num_heads=6, window_size=[3, 8, 8], shift_size=(0, 0, 0), mlp_ratio=2.0
                (norm1): LayerNorm((120,), eps=1e-05, elementwise_affine=True)
                (attn): WindowAttention(
                  dim=120, window_size=[3, 8, 8], num_heads=6
                  (qkv): Linear(in_features=120, out_features=360, bias=True)
                  (attn_drop): Dropout(p=0.0, inplace=False)
                  (proj): Linear(in_features=120, out_features=120, bias=True)
                  (proj_drop): Dropout(p=0.0, inplace=False)
                  (softmax): Softmax(dim=-1)
                )
                (drop_path): DropPath()
                (norm2): LayerNorm((120,), eps=1e-05, elementwise_affine=True)
                (mlp): Mlp(
                  (fc1): Linear(in_features=120, out_features=240, bias=True)
                  (act): GELU(approximate='none')
                  (fc2): Linear(in_features=240, out_features=120, bias=True)
                  (drop): Dropout(p=0.0, inplace=False)
                )
              )
              (1): SwinTransformerBlock(
                dim=120, input_resolution=(64, 64), num_heads=6, window_size=[3, 8, 8], shift_size=(3, 4, 4), mlp_ratio=2.0
                (norm1): LayerNorm((120,), eps=1e-05, elementwise_affine=True)
                (attn): WindowAttention(
                  dim=120, window_size=[3, 8, 8], num_heads=6
                  (qkv): Linear(in_features=120, out_features=360, bias=True)
                  (attn_drop): Dropout(p=0.0, inplace=False)
                  (proj): Linear(in_features=120, out_features=120, bias=True)
                  (proj_drop): Dropout(p=0.0, inplace=False)
                  (softmax): Softmax(dim=-1)
                )
                (drop_path): DropPath()
                (norm2): LayerNorm((120,), eps=1e-05, elementwise_affine=True)
                (mlp): Mlp(
                  (fc1): Linear(in_features=120, out_features=240, bias=True)
                  (act): GELU(approximate='none')
                  (fc2): Linear(in_features=240, out_features=120, bias=True)
                  (drop): Dropout(p=0.0, inplace=False)
                )
              )
              (2): SwinTransformerBlock(
                dim=120, input_resolution=(64, 64), num_heads=6, window_size=[3, 8, 8], shift_size=(0, 0, 0), mlp_ratio=2.0
                (norm1): LayerNorm((120,), eps=1e-05, elementwise_affine=True)
                (attn): WindowAttention(
                  dim=120, window_size=[3, 8, 8], num_heads=6
                  (qkv): Linear(in_features=120, out_features=360, bias=True)
                  (attn_drop): Dropout(p=0.0, inplace=False)
                  (proj): Linear(in_features=120, out_features=120, bias=True)
                  (proj_drop): Dropout(p=0.0, inplace=False)
                  (softmax): Softmax(dim=-1)
                )
                (drop_path): DropPath()
                (norm2): LayerNorm((120,), eps=1e-05, elementwise_affine=True)
                (mlp): Mlp(
                  (fc1): Linear(in_features=120, out_features=240, bias=True)
                  (act): GELU(approximate='none')
                  (fc2): Linear(in_features=240, out_features=120, bias=True)
                  (drop): Dropout(p=0.0, inplace=False)
                )
              )
              (3): SwinTransformerBlock(
                dim=120, input_resolution=(64, 64), num_heads=6, window_size=[3, 8, 8], shift_size=(3, 4, 4), mlp_ratio=2.0
                (norm1): LayerNorm((120,), eps=1e-05, elementwise_affine=True)
                (attn): WindowAttention(
                  dim=120, window_size=[3, 8, 8], num_heads=6
                  (qkv): Linear(in_features=120, out_features=360, bias=True)
                  (attn_drop): Dropout(p=0.0, inplace=False)
                  (proj): Linear(in_features=120, out_features=120, bias=True)
                  (proj_drop): Dropout(p=0.0, inplace=False)
                  (softmax): Softmax(dim=-1)
                )
                (drop_path): DropPath()
                (norm2): LayerNorm((120,), eps=1e-05, elementwise_affine=True)
                (mlp): Mlp(
                  (fc1): Linear(in_features=120, out_features=240, bias=True)
                  (act): GELU(approximate='none')
                  (fc2): Linear(in_features=240, out_features=120, bias=True)
                  (drop): Dropout(p=0.0, inplace=False)
                )
              )
              (4): SwinTransformerBlock(
                dim=120, input_resolution=(64, 64), num_heads=6, window_size=[3, 8, 8], shift_size=(0, 0, 0), mlp_ratio=2.0
                (norm1): LayerNorm((120,), eps=1e-05, elementwise_affine=True)
                (attn): WindowAttention(
                  dim=120, window_size=[3, 8, 8], num_heads=6
                  (qkv): Linear(in_features=120, out_features=360, bias=True)
                  (attn_drop): Dropout(p=0.0, inplace=False)
                  (proj): Linear(in_features=120, out_features=120, bias=True)
                  (proj_drop): Dropout(p=0.0, inplace=False)
                  (softmax): Softmax(dim=-1)
                )
                (drop_path): DropPath()
                (norm2): LayerNorm((120,), eps=1e-05, elementwise_affine=True)
                (mlp): Mlp(
                  (fc1): Linear(in_features=120, out_features=240, bias=True)
                  (act): GELU(approximate='none')
                  (fc2): Linear(in_features=240, out_features=120, bias=True)
                  (drop): Dropout(p=0.0, inplace=False)
                )
              )
              (5): SwinTransformerBlock(
                dim=120, input_resolution=(64, 64), num_heads=6, window_size=[3, 8, 8], shift_size=(3, 4, 4), mlp_ratio=2.0
                (norm1): LayerNorm((120,), eps=1e-05, elementwise_affine=True)
                (attn): WindowAttention(
                  dim=120, window_size=[3, 8, 8], num_heads=6
                  (qkv): Linear(in_features=120, out_features=360, bias=True)
                  (attn_drop): Dropout(p=0.0, inplace=False)
                  (proj): Linear(in_features=120, out_features=120, bias=True)
                  (proj_drop): Dropout(p=0.0, inplace=False)
                  (softmax): Softmax(dim=-1)
                )
                (drop_path): DropPath()
                (norm2): LayerNorm((120,), eps=1e-05, elementwise_affine=True)
                (mlp): Mlp(
                  (fc1): Linear(in_features=120, out_features=240, bias=True)
                  (act): GELU(approximate='none')
                  (fc2): Linear(in_features=240, out_features=120, bias=True)
                  (drop): Dropout(p=0.0, inplace=False)
                )
              )
            )
          )
          (conv): Conv2d(120, 120, kernel_size=(3, 3), stride=(1, 1), padding=(1, 1))
          (patch_embed): PatchEmbed()
          (patch_unembed): PatchUnEmbed()
        )
      )
      (norm): LayerNorm((120,), eps=1e-05, elementwise_affine=True)
      (conv_after_body): Conv2d(120, 120, kernel_size=(3, 3), stride=(1, 1), padding=(1, 1))
      (lrelu): LeakyReLU(negative_slope=0.1, inplace=True)
      (conv_before_upsample): Conv2d(120, 64, kernel_size=(3, 3), stride=(1, 1), padding=(1, 1))
    )
    (forward_1): SwinIRFM(
      (conv_first): Conv2d(3, 120, kernel_size=(3, 3), stride=(1, 1), padding=(1, 1))
      (conv_first_feat): Conv2d(64, 120, kernel_size=(3, 3), stride=(1, 1), padding=(1, 1))
      (patch_embed): PatchEmbed(
        (norm): LayerNorm((120,), eps=1e-05, elementwise_affine=True)
      )
      (patch_unembed): PatchUnEmbed()
      (pos_drop): Dropout(p=0.0, inplace=False)
      (layers): ModuleList(
        (0): RSTB(
          (residual_group): BasicLayer(
            dim=120, input_resolution=(64, 64), depth=6
            (blocks): ModuleList(
              (0): SwinTransformerBlock(
                dim=120, input_resolution=(64, 64), num_heads=6, window_size=[3, 8, 8], shift_size=(0, 0, 0), mlp_ratio=2.0
                (norm1): LayerNorm((120,), eps=1e-05, elementwise_affine=True)
                (attn): WindowAttention(
                  dim=120, window_size=[3, 8, 8], num_heads=6
                  (qkv): Linear(in_features=120, out_features=360, bias=True)
                  (attn_drop): Dropout(p=0.0, inplace=False)
                  (proj): Linear(in_features=120, out_features=120, bias=True)
                  (proj_drop): Dropout(p=0.0, inplace=False)
                  (softmax): Softmax(dim=-1)
                )
                (drop_path): Identity()
                (norm2): LayerNorm((120,), eps=1e-05, elementwise_affine=True)
                (mlp): Mlp(
                  (fc1): Linear(in_features=120, out_features=240, bias=True)
                  (act): GELU(approximate='none')
                  (fc2): Linear(in_features=240, out_features=120, bias=True)
                  (drop): Dropout(p=0.0, inplace=False)
                )
              )
              (1): SwinTransformerBlock(
                dim=120, input_resolution=(64, 64), num_heads=6, window_size=[3, 8, 8], shift_size=(3, 4, 4), mlp_ratio=2.0
                (norm1): LayerNorm((120,), eps=1e-05, elementwise_affine=True)
                (attn): WindowAttention(
                  dim=120, window_size=[3, 8, 8], num_heads=6
                  (qkv): Linear(in_features=120, out_features=360, bias=True)
                  (attn_drop): Dropout(p=0.0, inplace=False)
                  (proj): Linear(in_features=120, out_features=120, bias=True)
                  (proj_drop): Dropout(p=0.0, inplace=False)
                  (softmax): Softmax(dim=-1)
                )
                (drop_path): DropPath()
                (norm2): LayerNorm((120,), eps=1e-05, elementwise_affine=True)
                (mlp): Mlp(
                  (fc1): Linear(in_features=120, out_features=240, bias=True)
                  (act): GELU(approximate='none')
                  (fc2): Linear(in_features=240, out_features=120, bias=True)
                  (drop): Dropout(p=0.0, inplace=False)
                )
              )
              (2): SwinTransformerBlock(
                dim=120, input_resolution=(64, 64), num_heads=6, window_size=[3, 8, 8], shift_size=(0, 0, 0), mlp_ratio=2.0
                (norm1): LayerNorm((120,), eps=1e-05, elementwise_affine=True)
                (attn): WindowAttention(
                  dim=120, window_size=[3, 8, 8], num_heads=6
                  (qkv): Linear(in_features=120, out_features=360, bias=True)
                  (attn_drop): Dropout(p=0.0, inplace=False)
                  (proj): Linear(in_features=120, out_features=120, bias=True)
                  (proj_drop): Dropout(p=0.0, inplace=False)
                  (softmax): Softmax(dim=-1)
                )
                (drop_path): DropPath()
                (norm2): LayerNorm((120,), eps=1e-05, elementwise_affine=True)
                (mlp): Mlp(
                  (fc1): Linear(in_features=120, out_features=240, bias=True)
                  (act): GELU(approximate='none')
                  (fc2): Linear(in_features=240, out_features=120, bias=True)
                  (drop): Dropout(p=0.0, inplace=False)
                )
              )
              (3): SwinTransformerBlock(
                dim=120, input_resolution=(64, 64), num_heads=6, window_size=[3, 8, 8], shift_size=(3, 4, 4), mlp_ratio=2.0
                (norm1): LayerNorm((120,), eps=1e-05, elementwise_affine=True)
                (attn): WindowAttention(
                  dim=120, window_size=[3, 8, 8], num_heads=6
                  (qkv): Linear(in_features=120, out_features=360, bias=True)
                  (attn_drop): Dropout(p=0.0, inplace=False)
                  (proj): Linear(in_features=120, out_features=120, bias=True)
                  (proj_drop): Dropout(p=0.0, inplace=False)
                  (softmax): Softmax(dim=-1)
                )
                (drop_path): DropPath()
                (norm2): LayerNorm((120,), eps=1e-05, elementwise_affine=True)
                (mlp): Mlp(
                  (fc1): Linear(in_features=120, out_features=240, bias=True)
                  (act): GELU(approximate='none')
                  (fc2): Linear(in_features=240, out_features=120, bias=True)
                  (drop): Dropout(p=0.0, inplace=False)
                )
              )
              (4): SwinTransformerBlock(
                dim=120, input_resolution=(64, 64), num_heads=6, window_size=[3, 8, 8], shift_size=(0, 0, 0), mlp_ratio=2.0
                (norm1): LayerNorm((120,), eps=1e-05, elementwise_affine=True)
                (attn): WindowAttention(
                  dim=120, window_size=[3, 8, 8], num_heads=6
                  (qkv): Linear(in_features=120, out_features=360, bias=True)
                  (attn_drop): Dropout(p=0.0, inplace=False)
                  (proj): Linear(in_features=120, out_features=120, bias=True)
                  (proj_drop): Dropout(p=0.0, inplace=False)
                  (softmax): Softmax(dim=-1)
                )
                (drop_path): DropPath()
                (norm2): LayerNorm((120,), eps=1e-05, elementwise_affine=True)
                (mlp): Mlp(
                  (fc1): Linear(in_features=120, out_features=240, bias=True)
                  (act): GELU(approximate='none')
                  (fc2): Linear(in_features=240, out_features=120, bias=True)
                  (drop): Dropout(p=0.0, inplace=False)
                )
              )
              (5): SwinTransformerBlock(
                dim=120, input_resolution=(64, 64), num_heads=6, window_size=[3, 8, 8], shift_size=(3, 4, 4), mlp_ratio=2.0
                (norm1): LayerNorm((120,), eps=1e-05, elementwise_affine=True)
                (attn): WindowAttention(
                  dim=120, window_size=[3, 8, 8], num_heads=6
                  (qkv): Linear(in_features=120, out_features=360, bias=True)
                  (attn_drop): Dropout(p=0.0, inplace=False)
                  (proj): Linear(in_features=120, out_features=120, bias=True)
                  (proj_drop): Dropout(p=0.0, inplace=False)
                  (softmax): Softmax(dim=-1)
                )
                (drop_path): DropPath()
                (norm2): LayerNorm((120,), eps=1e-05, elementwise_affine=True)
                (mlp): Mlp(
                  (fc1): Linear(in_features=120, out_features=240, bias=True)
                  (act): GELU(approximate='none')
                  (fc2): Linear(in_features=240, out_features=120, bias=True)
                  (drop): Dropout(p=0.0, inplace=False)
                )
              )
            )
          )
          (conv): Conv2d(120, 120, kernel_size=(3, 3), stride=(1, 1), padding=(1, 1))
          (patch_embed): PatchEmbed()
          (patch_unembed): PatchUnEmbed()
        )
        (1-2): 2 x RSTB(
          (residual_group): BasicLayer(
            dim=120, input_resolution=(64, 64), depth=6
            (blocks): ModuleList(
              (0): SwinTransformerBlock(
                dim=120, input_resolution=(64, 64), num_heads=6, window_size=[3, 8, 8], shift_size=(0, 0, 0), mlp_ratio=2.0
                (norm1): LayerNorm((120,), eps=1e-05, elementwise_affine=True)
                (attn): WindowAttention(
                  dim=120, window_size=[3, 8, 8], num_heads=6
                  (qkv): Linear(in_features=120, out_features=360, bias=True)
                  (attn_drop): Dropout(p=0.0, inplace=False)
                  (proj): Linear(in_features=120, out_features=120, bias=True)
                  (proj_drop): Dropout(p=0.0, inplace=False)
                  (softmax): Softmax(dim=-1)
                )
                (drop_path): DropPath()
                (norm2): LayerNorm((120,), eps=1e-05, elementwise_affine=True)
                (mlp): Mlp(
                  (fc1): Linear(in_features=120, out_features=240, bias=True)
                  (act): GELU(approximate='none')
                  (fc2): Linear(in_features=240, out_features=120, bias=True)
                  (drop): Dropout(p=0.0, inplace=False)
                )
              )
              (1): SwinTransformerBlock(
                dim=120, input_resolution=(64, 64), num_heads=6, window_size=[3, 8, 8], shift_size=(3, 4, 4), mlp_ratio=2.0
                (norm1): LayerNorm((120,), eps=1e-05, elementwise_affine=True)
                (attn): WindowAttention(
                  dim=120, window_size=[3, 8, 8], num_heads=6
                  (qkv): Linear(in_features=120, out_features=360, bias=True)
                  (attn_drop): Dropout(p=0.0, inplace=False)
                  (proj): Linear(in_features=120, out_features=120, bias=True)
                  (proj_drop): Dropout(p=0.0, inplace=False)
                  (softmax): Softmax(dim=-1)
                )
                (drop_path): DropPath()
                (norm2): LayerNorm((120,), eps=1e-05, elementwise_affine=True)
                (mlp): Mlp(
                  (fc1): Linear(in_features=120, out_features=240, bias=True)
                  (act): GELU(approximate='none')
                  (fc2): Linear(in_features=240, out_features=120, bias=True)
                  (drop): Dropout(p=0.0, inplace=False)
                )
              )
              (2): SwinTransformerBlock(
                dim=120, input_resolution=(64, 64), num_heads=6, window_size=[3, 8, 8], shift_size=(0, 0, 0), mlp_ratio=2.0
                (norm1): LayerNorm((120,), eps=1e-05, elementwise_affine=True)
                (attn): WindowAttention(
                  dim=120, window_size=[3, 8, 8], num_heads=6
                  (qkv): Linear(in_features=120, out_features=360, bias=True)
                  (attn_drop): Dropout(p=0.0, inplace=False)
                  (proj): Linear(in_features=120, out_features=120, bias=True)
                  (proj_drop): Dropout(p=0.0, inplace=False)
                  (softmax): Softmax(dim=-1)
                )
                (drop_path): DropPath()
                (norm2): LayerNorm((120,), eps=1e-05, elementwise_affine=True)
                (mlp): Mlp(
                  (fc1): Linear(in_features=120, out_features=240, bias=True)
                  (act): GELU(approximate='none')
                  (fc2): Linear(in_features=240, out_features=120, bias=True)
                  (drop): Dropout(p=0.0, inplace=False)
                )
              )
              (3): SwinTransformerBlock(
                dim=120, input_resolution=(64, 64), num_heads=6, window_size=[3, 8, 8], shift_size=(3, 4, 4), mlp_ratio=2.0
                (norm1): LayerNorm((120,), eps=1e-05, elementwise_affine=True)
                (attn): WindowAttention(
                  dim=120, window_size=[3, 8, 8], num_heads=6
                  (qkv): Linear(in_features=120, out_features=360, bias=True)
                  (attn_drop): Dropout(p=0.0, inplace=False)
                  (proj): Linear(in_features=120, out_features=120, bias=True)
                  (proj_drop): Dropout(p=0.0, inplace=False)
                  (softmax): Softmax(dim=-1)
                )
                (drop_path): DropPath()
                (norm2): LayerNorm((120,), eps=1e-05, elementwise_affine=True)
                (mlp): Mlp(
                  (fc1): Linear(in_features=120, out_features=240, bias=True)
                  (act): GELU(approximate='none')
                  (fc2): Linear(in_features=240, out_features=120, bias=True)
                  (drop): Dropout(p=0.0, inplace=False)
                )
              )
              (4): SwinTransformerBlock(
                dim=120, input_resolution=(64, 64), num_heads=6, window_size=[3, 8, 8], shift_size=(0, 0, 0), mlp_ratio=2.0
                (norm1): LayerNorm((120,), eps=1e-05, elementwise_affine=True)
                (attn): WindowAttention(
                  dim=120, window_size=[3, 8, 8], num_heads=6
                  (qkv): Linear(in_features=120, out_features=360, bias=True)
                  (attn_drop): Dropout(p=0.0, inplace=False)
                  (proj): Linear(in_features=120, out_features=120, bias=True)
                  (proj_drop): Dropout(p=0.0, inplace=False)
                  (softmax): Softmax(dim=-1)
                )
                (drop_path): DropPath()
                (norm2): LayerNorm((120,), eps=1e-05, elementwise_affine=True)
                (mlp): Mlp(
                  (fc1): Linear(in_features=120, out_features=240, bias=True)
                  (act): GELU(approximate='none')
                  (fc2): Linear(in_features=240, out_features=120, bias=True)
                  (drop): Dropout(p=0.0, inplace=False)
                )
              )
              (5): SwinTransformerBlock(
                dim=120, input_resolution=(64, 64), num_heads=6, window_size=[3, 8, 8], shift_size=(3, 4, 4), mlp_ratio=2.0
                (norm1): LayerNorm((120,), eps=1e-05, elementwise_affine=True)
                (attn): WindowAttention(
                  dim=120, window_size=[3, 8, 8], num_heads=6
                  (qkv): Linear(in_features=120, out_features=360, bias=True)
                  (attn_drop): Dropout(p=0.0, inplace=False)
                  (proj): Linear(in_features=120, out_features=120, bias=True)
                  (proj_drop): Dropout(p=0.0, inplace=False)
                  (softmax): Softmax(dim=-1)
                )
                (drop_path): DropPath()
                (norm2): LayerNorm((120,), eps=1e-05, elementwise_affine=True)
                (mlp): Mlp(
                  (fc1): Linear(in_features=120, out_features=240, bias=True)
                  (act): GELU(approximate='none')
                  (fc2): Linear(in_features=240, out_features=120, bias=True)
                  (drop): Dropout(p=0.0, inplace=False)
                )
              )
            )
          )
          (conv): Conv2d(120, 120, kernel_size=(3, 3), stride=(1, 1), padding=(1, 1))
          (patch_embed): PatchEmbed()
          (patch_unembed): PatchUnEmbed()
        )
      )
      (norm): LayerNorm((120,), eps=1e-05, elementwise_affine=True)
      (conv_after_body): Conv2d(120, 120, kernel_size=(3, 3), stride=(1, 1), padding=(1, 1))
      (lrelu): LeakyReLU(negative_slope=0.1, inplace=True)
      (conv_before_upsample): Conv2d(120, 64, kernel_size=(3, 3), stride=(1, 1), padding=(1, 1))
    )
    (backward_2): SwinIRFM(
      (conv_first): Conv2d(3, 120, kernel_size=(3, 3), stride=(1, 1), padding=(1, 1))
      (conv_first_feat): Conv2d(64, 120, kernel_size=(3, 3), stride=(1, 1), padding=(1, 1))
      (patch_embed): PatchEmbed(
        (norm): LayerNorm((120,), eps=1e-05, elementwise_affine=True)
      )
      (patch_unembed): PatchUnEmbed()
      (pos_drop): Dropout(p=0.0, inplace=False)
      (layers): ModuleList(
        (0): RSTB(
          (residual_group): BasicLayer(
            dim=120, input_resolution=(64, 64), depth=6
            (blocks): ModuleList(
              (0): SwinTransformerBlock(
                dim=120, input_resolution=(64, 64), num_heads=6, window_size=[3, 8, 8], shift_size=(0, 0, 0), mlp_ratio=2.0
                (norm1): LayerNorm((120,), eps=1e-05, elementwise_affine=True)
                (attn): WindowAttention(
                  dim=120, window_size=[3, 8, 8], num_heads=6
                  (qkv): Linear(in_features=120, out_features=360, bias=True)
                  (attn_drop): Dropout(p=0.0, inplace=False)
                  (proj): Linear(in_features=120, out_features=120, bias=True)
                  (proj_drop): Dropout(p=0.0, inplace=False)
                  (softmax): Softmax(dim=-1)
                )
                (drop_path): Identity()
                (norm2): LayerNorm((120,), eps=1e-05, elementwise_affine=True)
                (mlp): Mlp(
                  (fc1): Linear(in_features=120, out_features=240, bias=True)
                  (act): GELU(approximate='none')
                  (fc2): Linear(in_features=240, out_features=120, bias=True)
                  (drop): Dropout(p=0.0, inplace=False)
                )
              )
              (1): SwinTransformerBlock(
                dim=120, input_resolution=(64, 64), num_heads=6, window_size=[3, 8, 8], shift_size=(3, 4, 4), mlp_ratio=2.0
                (norm1): LayerNorm((120,), eps=1e-05, elementwise_affine=True)
                (attn): WindowAttention(
                  dim=120, window_size=[3, 8, 8], num_heads=6
                  (qkv): Linear(in_features=120, out_features=360, bias=True)
                  (attn_drop): Dropout(p=0.0, inplace=False)
                  (proj): Linear(in_features=120, out_features=120, bias=True)
                  (proj_drop): Dropout(p=0.0, inplace=False)
                  (softmax): Softmax(dim=-1)
                )
                (drop_path): DropPath()
                (norm2): LayerNorm((120,), eps=1e-05, elementwise_affine=True)
                (mlp): Mlp(
                  (fc1): Linear(in_features=120, out_features=240, bias=True)
                  (act): GELU(approximate='none')
                  (fc2): Linear(in_features=240, out_features=120, bias=True)
                  (drop): Dropout(p=0.0, inplace=False)
                )
              )
              (2): SwinTransformerBlock(
                dim=120, input_resolution=(64, 64), num_heads=6, window_size=[3, 8, 8], shift_size=(0, 0, 0), mlp_ratio=2.0
                (norm1): LayerNorm((120,), eps=1e-05, elementwise_affine=True)
                (attn): WindowAttention(
                  dim=120, window_size=[3, 8, 8], num_heads=6
                  (qkv): Linear(in_features=120, out_features=360, bias=True)
                  (attn_drop): Dropout(p=0.0, inplace=False)
                  (proj): Linear(in_features=120, out_features=120, bias=True)
                  (proj_drop): Dropout(p=0.0, inplace=False)
                  (softmax): Softmax(dim=-1)
                )
                (drop_path): DropPath()
                (norm2): LayerNorm((120,), eps=1e-05, elementwise_affine=True)
                (mlp): Mlp(
                  (fc1): Linear(in_features=120, out_features=240, bias=True)
                  (act): GELU(approximate='none')
                  (fc2): Linear(in_features=240, out_features=120, bias=True)
                  (drop): Dropout(p=0.0, inplace=False)
                )
              )
              (3): SwinTransformerBlock(
                dim=120, input_resolution=(64, 64), num_heads=6, window_size=[3, 8, 8], shift_size=(3, 4, 4), mlp_ratio=2.0
                (norm1): LayerNorm((120,), eps=1e-05, elementwise_affine=True)
                (attn): WindowAttention(
                  dim=120, window_size=[3, 8, 8], num_heads=6
                  (qkv): Linear(in_features=120, out_features=360, bias=True)
                  (attn_drop): Dropout(p=0.0, inplace=False)
                  (proj): Linear(in_features=120, out_features=120, bias=True)
                  (proj_drop): Dropout(p=0.0, inplace=False)
                  (softmax): Softmax(dim=-1)
                )
                (drop_path): DropPath()
                (norm2): LayerNorm((120,), eps=1e-05, elementwise_affine=True)
                (mlp): Mlp(
                  (fc1): Linear(in_features=120, out_features=240, bias=True)
                  (act): GELU(approximate='none')
                  (fc2): Linear(in_features=240, out_features=120, bias=True)
                  (drop): Dropout(p=0.0, inplace=False)
                )
              )
              (4): SwinTransformerBlock(
                dim=120, input_resolution=(64, 64), num_heads=6, window_size=[3, 8, 8], shift_size=(0, 0, 0), mlp_ratio=2.0
                (norm1): LayerNorm((120,), eps=1e-05, elementwise_affine=True)
                (attn): WindowAttention(
                  dim=120, window_size=[3, 8, 8], num_heads=6
                  (qkv): Linear(in_features=120, out_features=360, bias=True)
                  (attn_drop): Dropout(p=0.0, inplace=False)
                  (proj): Linear(in_features=120, out_features=120, bias=True)
                  (proj_drop): Dropout(p=0.0, inplace=False)
                  (softmax): Softmax(dim=-1)
                )
                (drop_path): DropPath()
                (norm2): LayerNorm((120,), eps=1e-05, elementwise_affine=True)
                (mlp): Mlp(
                  (fc1): Linear(in_features=120, out_features=240, bias=True)
                  (act): GELU(approximate='none')
                  (fc2): Linear(in_features=240, out_features=120, bias=True)
                  (drop): Dropout(p=0.0, inplace=False)
                )
              )
              (5): SwinTransformerBlock(
                dim=120, input_resolution=(64, 64), num_heads=6, window_size=[3, 8, 8], shift_size=(3, 4, 4), mlp_ratio=2.0
                (norm1): LayerNorm((120,), eps=1e-05, elementwise_affine=True)
                (attn): WindowAttention(
                  dim=120, window_size=[3, 8, 8], num_heads=6
                  (qkv): Linear(in_features=120, out_features=360, bias=True)
                  (attn_drop): Dropout(p=0.0, inplace=False)
                  (proj): Linear(in_features=120, out_features=120, bias=True)
                  (proj_drop): Dropout(p=0.0, inplace=False)
                  (softmax): Softmax(dim=-1)
                )
                (drop_path): DropPath()
                (norm2): LayerNorm((120,), eps=1e-05, elementwise_affine=True)
                (mlp): Mlp(
                  (fc1): Linear(in_features=120, out_features=240, bias=True)
                  (act): GELU(approximate='none')
                  (fc2): Linear(in_features=240, out_features=120, bias=True)
                  (drop): Dropout(p=0.0, inplace=False)
                )
              )
            )
          )
          (conv): Conv2d(120, 120, kernel_size=(3, 3), stride=(1, 1), padding=(1, 1))
          (patch_embed): PatchEmbed()
          (patch_unembed): PatchUnEmbed()
        )
        (1-2): 2 x RSTB(
          (residual_group): BasicLayer(
            dim=120, input_resolution=(64, 64), depth=6
            (blocks): ModuleList(
              (0): SwinTransformerBlock(
                dim=120, input_resolution=(64, 64), num_heads=6, window_size=[3, 8, 8], shift_size=(0, 0, 0), mlp_ratio=2.0
                (norm1): LayerNorm((120,), eps=1e-05, elementwise_affine=True)
                (attn): WindowAttention(
                  dim=120, window_size=[3, 8, 8], num_heads=6
                  (qkv): Linear(in_features=120, out_features=360, bias=True)
                  (attn_drop): Dropout(p=0.0, inplace=False)
                  (proj): Linear(in_features=120, out_features=120, bias=True)
                  (proj_drop): Dropout(p=0.0, inplace=False)
                  (softmax): Softmax(dim=-1)
                )
                (drop_path): DropPath()
                (norm2): LayerNorm((120,), eps=1e-05, elementwise_affine=True)
                (mlp): Mlp(
                  (fc1): Linear(in_features=120, out_features=240, bias=True)
                  (act): GELU(approximate='none')
                  (fc2): Linear(in_features=240, out_features=120, bias=True)
                  (drop): Dropout(p=0.0, inplace=False)
                )
              )
              (1): SwinTransformerBlock(
                dim=120, input_resolution=(64, 64), num_heads=6, window_size=[3, 8, 8], shift_size=(3, 4, 4), mlp_ratio=2.0
                (norm1): LayerNorm((120,), eps=1e-05, elementwise_affine=True)
                (attn): WindowAttention(
                  dim=120, window_size=[3, 8, 8], num_heads=6
                  (qkv): Linear(in_features=120, out_features=360, bias=True)
                  (attn_drop): Dropout(p=0.0, inplace=False)
                  (proj): Linear(in_features=120, out_features=120, bias=True)
                  (proj_drop): Dropout(p=0.0, inplace=False)
                  (softmax): Softmax(dim=-1)
                )
                (drop_path): DropPath()
                (norm2): LayerNorm((120,), eps=1e-05, elementwise_affine=True)
                (mlp): Mlp(
                  (fc1): Linear(in_features=120, out_features=240, bias=True)
                  (act): GELU(approximate='none')
                  (fc2): Linear(in_features=240, out_features=120, bias=True)
                  (drop): Dropout(p=0.0, inplace=False)
                )
              )
              (2): SwinTransformerBlock(
                dim=120, input_resolution=(64, 64), num_heads=6, window_size=[3, 8, 8], shift_size=(0, 0, 0), mlp_ratio=2.0
                (norm1): LayerNorm((120,), eps=1e-05, elementwise_affine=True)
                (attn): WindowAttention(
                  dim=120, window_size=[3, 8, 8], num_heads=6
                  (qkv): Linear(in_features=120, out_features=360, bias=True)
                  (attn_drop): Dropout(p=0.0, inplace=False)
                  (proj): Linear(in_features=120, out_features=120, bias=True)
                  (proj_drop): Dropout(p=0.0, inplace=False)
                  (softmax): Softmax(dim=-1)
                )
                (drop_path): DropPath()
                (norm2): LayerNorm((120,), eps=1e-05, elementwise_affine=True)
                (mlp): Mlp(
                  (fc1): Linear(in_features=120, out_features=240, bias=True)
                  (act): GELU(approximate='none')
                  (fc2): Linear(in_features=240, out_features=120, bias=True)
                  (drop): Dropout(p=0.0, inplace=False)
                )
              )
              (3): SwinTransformerBlock(
                dim=120, input_resolution=(64, 64), num_heads=6, window_size=[3, 8, 8], shift_size=(3, 4, 4), mlp_ratio=2.0
                (norm1): LayerNorm((120,), eps=1e-05, elementwise_affine=True)
                (attn): WindowAttention(
                  dim=120, window_size=[3, 8, 8], num_heads=6
                  (qkv): Linear(in_features=120, out_features=360, bias=True)
                  (attn_drop): Dropout(p=0.0, inplace=False)
                  (proj): Linear(in_features=120, out_features=120, bias=True)
                  (proj_drop): Dropout(p=0.0, inplace=False)
                  (softmax): Softmax(dim=-1)
                )
                (drop_path): DropPath()
                (norm2): LayerNorm((120,), eps=1e-05, elementwise_affine=True)
                (mlp): Mlp(
                  (fc1): Linear(in_features=120, out_features=240, bias=True)
                  (act): GELU(approximate='none')
                  (fc2): Linear(in_features=240, out_features=120, bias=True)
                  (drop): Dropout(p=0.0, inplace=False)
                )
              )
              (4): SwinTransformerBlock(
                dim=120, input_resolution=(64, 64), num_heads=6, window_size=[3, 8, 8], shift_size=(0, 0, 0), mlp_ratio=2.0
                (norm1): LayerNorm((120,), eps=1e-05, elementwise_affine=True)
                (attn): WindowAttention(
                  dim=120, window_size=[3, 8, 8], num_heads=6
                  (qkv): Linear(in_features=120, out_features=360, bias=True)
                  (attn_drop): Dropout(p=0.0, inplace=False)
                  (proj): Linear(in_features=120, out_features=120, bias=True)
                  (proj_drop): Dropout(p=0.0, inplace=False)
                  (softmax): Softmax(dim=-1)
                )
                (drop_path): DropPath()
                (norm2): LayerNorm((120,), eps=1e-05, elementwise_affine=True)
                (mlp): Mlp(
                  (fc1): Linear(in_features=120, out_features=240, bias=True)
                  (act): GELU(approximate='none')
                  (fc2): Linear(in_features=240, out_features=120, bias=True)
                  (drop): Dropout(p=0.0, inplace=False)
                )
              )
              (5): SwinTransformerBlock(
                dim=120, input_resolution=(64, 64), num_heads=6, window_size=[3, 8, 8], shift_size=(3, 4, 4), mlp_ratio=2.0
                (norm1): LayerNorm((120,), eps=1e-05, elementwise_affine=True)
                (attn): WindowAttention(
                  dim=120, window_size=[3, 8, 8], num_heads=6
                  (qkv): Linear(in_features=120, out_features=360, bias=True)
                  (attn_drop): Dropout(p=0.0, inplace=False)
                  (proj): Linear(in_features=120, out_features=120, bias=True)
                  (proj_drop): Dropout(p=0.0, inplace=False)
                  (softmax): Softmax(dim=-1)
                )
                (drop_path): DropPath()
                (norm2): LayerNorm((120,), eps=1e-05, elementwise_affine=True)
                (mlp): Mlp(
                  (fc1): Linear(in_features=120, out_features=240, bias=True)
                  (act): GELU(approximate='none')
                  (fc2): Linear(in_features=240, out_features=120, bias=True)
                  (drop): Dropout(p=0.0, inplace=False)
                )
              )
            )
          )
          (conv): Conv2d(120, 120, kernel_size=(3, 3), stride=(1, 1), padding=(1, 1))
          (patch_embed): PatchEmbed()
          (patch_unembed): PatchUnEmbed()
        )
      )
      (norm): LayerNorm((120,), eps=1e-05, elementwise_affine=True)
      (conv_after_body): Conv2d(120, 120, kernel_size=(3, 3), stride=(1, 1), padding=(1, 1))
      (lrelu): LeakyReLU(negative_slope=0.1, inplace=True)
      (conv_before_upsample): Conv2d(120, 64, kernel_size=(3, 3), stride=(1, 1), padding=(1, 1))
    )
    (forward_2): SwinIRFM(
      (conv_first): Conv2d(3, 120, kernel_size=(3, 3), stride=(1, 1), padding=(1, 1))
      (conv_first_feat): Conv2d(64, 120, kernel_size=(3, 3), stride=(1, 1), padding=(1, 1))
      (patch_embed): PatchEmbed(
        (norm): LayerNorm((120,), eps=1e-05, elementwise_affine=True)
      )
      (patch_unembed): PatchUnEmbed()
      (pos_drop): Dropout(p=0.0, inplace=False)
      (layers): ModuleList(
        (0): RSTB(
          (residual_group): BasicLayer(
            dim=120, input_resolution=(64, 64), depth=6
            (blocks): ModuleList(
              (0): SwinTransformerBlock(
                dim=120, input_resolution=(64, 64), num_heads=6, window_size=[3, 8, 8], shift_size=(0, 0, 0), mlp_ratio=2.0
                (norm1): LayerNorm((120,), eps=1e-05, elementwise_affine=True)
                (attn): WindowAttention(
                  dim=120, window_size=[3, 8, 8], num_heads=6
                  (qkv): Linear(in_features=120, out_features=360, bias=True)
                  (attn_drop): Dropout(p=0.0, inplace=False)
                  (proj): Linear(in_features=120, out_features=120, bias=True)
                  (proj_drop): Dropout(p=0.0, inplace=False)
                  (softmax): Softmax(dim=-1)
                )
                (drop_path): Identity()
                (norm2): LayerNorm((120,), eps=1e-05, elementwise_affine=True)
                (mlp): Mlp(
                  (fc1): Linear(in_features=120, out_features=240, bias=True)
                  (act): GELU(approximate='none')
                  (fc2): Linear(in_features=240, out_features=120, bias=True)
                  (drop): Dropout(p=0.0, inplace=False)
                )
              )
              (1): SwinTransformerBlock(
                dim=120, input_resolution=(64, 64), num_heads=6, window_size=[3, 8, 8], shift_size=(3, 4, 4), mlp_ratio=2.0
                (norm1): LayerNorm((120,), eps=1e-05, elementwise_affine=True)
                (attn): WindowAttention(
                  dim=120, window_size=[3, 8, 8], num_heads=6
                  (qkv): Linear(in_features=120, out_features=360, bias=True)
                  (attn_drop): Dropout(p=0.0, inplace=False)
                  (proj): Linear(in_features=120, out_features=120, bias=True)
                  (proj_drop): Dropout(p=0.0, inplace=False)
                  (softmax): Softmax(dim=-1)
                )
                (drop_path): DropPath()
                (norm2): LayerNorm((120,), eps=1e-05, elementwise_affine=True)
                (mlp): Mlp(
                  (fc1): Linear(in_features=120, out_features=240, bias=True)
                  (act): GELU(approximate='none')
                  (fc2): Linear(in_features=240, out_features=120, bias=True)
                  (drop): Dropout(p=0.0, inplace=False)
                )
              )
              (2): SwinTransformerBlock(
                dim=120, input_resolution=(64, 64), num_heads=6, window_size=[3, 8, 8], shift_size=(0, 0, 0), mlp_ratio=2.0
                (norm1): LayerNorm((120,), eps=1e-05, elementwise_affine=True)
                (attn): WindowAttention(
                  dim=120, window_size=[3, 8, 8], num_heads=6
                  (qkv): Linear(in_features=120, out_features=360, bias=True)
                  (attn_drop): Dropout(p=0.0, inplace=False)
                  (proj): Linear(in_features=120, out_features=120, bias=True)
                  (proj_drop): Dropout(p=0.0, inplace=False)
                  (softmax): Softmax(dim=-1)
                )
                (drop_path): DropPath()
                (norm2): LayerNorm((120,), eps=1e-05, elementwise_affine=True)
                (mlp): Mlp(
                  (fc1): Linear(in_features=120, out_features=240, bias=True)
                  (act): GELU(approximate='none')
                  (fc2): Linear(in_features=240, out_features=120, bias=True)
                  (drop): Dropout(p=0.0, inplace=False)
                )
              )
              (3): SwinTransformerBlock(
                dim=120, input_resolution=(64, 64), num_heads=6, window_size=[3, 8, 8], shift_size=(3, 4, 4), mlp_ratio=2.0
                (norm1): LayerNorm((120,), eps=1e-05, elementwise_affine=True)
                (attn): WindowAttention(
                  dim=120, window_size=[3, 8, 8], num_heads=6
                  (qkv): Linear(in_features=120, out_features=360, bias=True)
                  (attn_drop): Dropout(p=0.0, inplace=False)
                  (proj): Linear(in_features=120, out_features=120, bias=True)
                  (proj_drop): Dropout(p=0.0, inplace=False)
                  (softmax): Softmax(dim=-1)
                )
                (drop_path): DropPath()
                (norm2): LayerNorm((120,), eps=1e-05, elementwise_affine=True)
                (mlp): Mlp(
                  (fc1): Linear(in_features=120, out_features=240, bias=True)
                  (act): GELU(approximate='none')
                  (fc2): Linear(in_features=240, out_features=120, bias=True)
                  (drop): Dropout(p=0.0, inplace=False)
                )
              )
              (4): SwinTransformerBlock(
                dim=120, input_resolution=(64, 64), num_heads=6, window_size=[3, 8, 8], shift_size=(0, 0, 0), mlp_ratio=2.0
                (norm1): LayerNorm((120,), eps=1e-05, elementwise_affine=True)
                (attn): WindowAttention(
                  dim=120, window_size=[3, 8, 8], num_heads=6
                  (qkv): Linear(in_features=120, out_features=360, bias=True)
                  (attn_drop): Dropout(p=0.0, inplace=False)
                  (proj): Linear(in_features=120, out_features=120, bias=True)
                  (proj_drop): Dropout(p=0.0, inplace=False)
                  (softmax): Softmax(dim=-1)
                )
                (drop_path): DropPath()
                (norm2): LayerNorm((120,), eps=1e-05, elementwise_affine=True)
                (mlp): Mlp(
                  (fc1): Linear(in_features=120, out_features=240, bias=True)
                  (act): GELU(approximate='none')
                  (fc2): Linear(in_features=240, out_features=120, bias=True)
                  (drop): Dropout(p=0.0, inplace=False)
                )
              )
              (5): SwinTransformerBlock(
                dim=120, input_resolution=(64, 64), num_heads=6, window_size=[3, 8, 8], shift_size=(3, 4, 4), mlp_ratio=2.0
                (norm1): LayerNorm((120,), eps=1e-05, elementwise_affine=True)
                (attn): WindowAttention(
                  dim=120, window_size=[3, 8, 8], num_heads=6
                  (qkv): Linear(in_features=120, out_features=360, bias=True)
                  (attn_drop): Dropout(p=0.0, inplace=False)
                  (proj): Linear(in_features=120, out_features=120, bias=True)
                  (proj_drop): Dropout(p=0.0, inplace=False)
                  (softmax): Softmax(dim=-1)
                )
                (drop_path): DropPath()
                (norm2): LayerNorm((120,), eps=1e-05, elementwise_affine=True)
                (mlp): Mlp(
                  (fc1): Linear(in_features=120, out_features=240, bias=True)
                  (act): GELU(approximate='none')
                  (fc2): Linear(in_features=240, out_features=120, bias=True)
                  (drop): Dropout(p=0.0, inplace=False)
                )
              )
            )
          )
          (conv): Conv2d(120, 120, kernel_size=(3, 3), stride=(1, 1), padding=(1, 1))
          (patch_embed): PatchEmbed()
          (patch_unembed): PatchUnEmbed()
        )
        (1-2): 2 x RSTB(
          (residual_group): BasicLayer(
            dim=120, input_resolution=(64, 64), depth=6
            (blocks): ModuleList(
              (0): SwinTransformerBlock(
                dim=120, input_resolution=(64, 64), num_heads=6, window_size=[3, 8, 8], shift_size=(0, 0, 0), mlp_ratio=2.0
                (norm1): LayerNorm((120,), eps=1e-05, elementwise_affine=True)
                (attn): WindowAttention(
                  dim=120, window_size=[3, 8, 8], num_heads=6
                  (qkv): Linear(in_features=120, out_features=360, bias=True)
                  (attn_drop): Dropout(p=0.0, inplace=False)
                  (proj): Linear(in_features=120, out_features=120, bias=True)
                  (proj_drop): Dropout(p=0.0, inplace=False)
                  (softmax): Softmax(dim=-1)
                )
                (drop_path): DropPath()
                (norm2): LayerNorm((120,), eps=1e-05, elementwise_affine=True)
                (mlp): Mlp(
                  (fc1): Linear(in_features=120, out_features=240, bias=True)
                  (act): GELU(approximate='none')
                  (fc2): Linear(in_features=240, out_features=120, bias=True)
                  (drop): Dropout(p=0.0, inplace=False)
                )
              )
              (1): SwinTransformerBlock(
                dim=120, input_resolution=(64, 64), num_heads=6, window_size=[3, 8, 8], shift_size=(3, 4, 4), mlp_ratio=2.0
                (norm1): LayerNorm((120,), eps=1e-05, elementwise_affine=True)
                (attn): WindowAttention(
                  dim=120, window_size=[3, 8, 8], num_heads=6
                  (qkv): Linear(in_features=120, out_features=360, bias=True)
                  (attn_drop): Dropout(p=0.0, inplace=False)
                  (proj): Linear(in_features=120, out_features=120, bias=True)
                  (proj_drop): Dropout(p=0.0, inplace=False)
                  (softmax): Softmax(dim=-1)
                )
                (drop_path): DropPath()
                (norm2): LayerNorm((120,), eps=1e-05, elementwise_affine=True)
                (mlp): Mlp(
                  (fc1): Linear(in_features=120, out_features=240, bias=True)
                  (act): GELU(approximate='none')
                  (fc2): Linear(in_features=240, out_features=120, bias=True)
                  (drop): Dropout(p=0.0, inplace=False)
                )
              )
              (2): SwinTransformerBlock(
                dim=120, input_resolution=(64, 64), num_heads=6, window_size=[3, 8, 8], shift_size=(0, 0, 0), mlp_ratio=2.0
                (norm1): LayerNorm((120,), eps=1e-05, elementwise_affine=True)
                (attn): WindowAttention(
                  dim=120, window_size=[3, 8, 8], num_heads=6
                  (qkv): Linear(in_features=120, out_features=360, bias=True)
                  (attn_drop): Dropout(p=0.0, inplace=False)
                  (proj): Linear(in_features=120, out_features=120, bias=True)
                  (proj_drop): Dropout(p=0.0, inplace=False)
                  (softmax): Softmax(dim=-1)
                )
                (drop_path): DropPath()
                (norm2): LayerNorm((120,), eps=1e-05, elementwise_affine=True)
                (mlp): Mlp(
                  (fc1): Linear(in_features=120, out_features=240, bias=True)
                  (act): GELU(approximate='none')
                  (fc2): Linear(in_features=240, out_features=120, bias=True)
                  (drop): Dropout(p=0.0, inplace=False)
                )
              )
              (3): SwinTransformerBlock(
                dim=120, input_resolution=(64, 64), num_heads=6, window_size=[3, 8, 8], shift_size=(3, 4, 4), mlp_ratio=2.0
                (norm1): LayerNorm((120,), eps=1e-05, elementwise_affine=True)
                (attn): WindowAttention(
                  dim=120, window_size=[3, 8, 8], num_heads=6
                  (qkv): Linear(in_features=120, out_features=360, bias=True)
                  (attn_drop): Dropout(p=0.0, inplace=False)
                  (proj): Linear(in_features=120, out_features=120, bias=True)
                  (proj_drop): Dropout(p=0.0, inplace=False)
                  (softmax): Softmax(dim=-1)
                )
                (drop_path): DropPath()
                (norm2): LayerNorm((120,), eps=1e-05, elementwise_affine=True)
                (mlp): Mlp(
                  (fc1): Linear(in_features=120, out_features=240, bias=True)
                  (act): GELU(approximate='none')
                  (fc2): Linear(in_features=240, out_features=120, bias=True)
                  (drop): Dropout(p=0.0, inplace=False)
                )
              )
              (4): SwinTransformerBlock(
                dim=120, input_resolution=(64, 64), num_heads=6, window_size=[3, 8, 8], shift_size=(0, 0, 0), mlp_ratio=2.0
                (norm1): LayerNorm((120,), eps=1e-05, elementwise_affine=True)
                (attn): WindowAttention(
                  dim=120, window_size=[3, 8, 8], num_heads=6
                  (qkv): Linear(in_features=120, out_features=360, bias=True)
                  (attn_drop): Dropout(p=0.0, inplace=False)
                  (proj): Linear(in_features=120, out_features=120, bias=True)
                  (proj_drop): Dropout(p=0.0, inplace=False)
                  (softmax): Softmax(dim=-1)
                )
                (drop_path): DropPath()
                (norm2): LayerNorm((120,), eps=1e-05, elementwise_affine=True)
                (mlp): Mlp(
                  (fc1): Linear(in_features=120, out_features=240, bias=True)
                  (act): GELU(approximate='none')
                  (fc2): Linear(in_features=240, out_features=120, bias=True)
                  (drop): Dropout(p=0.0, inplace=False)
                )
              )
              (5): SwinTransformerBlock(
                dim=120, input_resolution=(64, 64), num_heads=6, window_size=[3, 8, 8], shift_size=(3, 4, 4), mlp_ratio=2.0
                (norm1): LayerNorm((120,), eps=1e-05, elementwise_affine=True)
                (attn): WindowAttention(
                  dim=120, window_size=[3, 8, 8], num_heads=6
                  (qkv): Linear(in_features=120, out_features=360, bias=True)
                  (attn_drop): Dropout(p=0.0, inplace=False)
                  (proj): Linear(in_features=120, out_features=120, bias=True)
                  (proj_drop): Dropout(p=0.0, inplace=False)
                  (softmax): Softmax(dim=-1)
                )
                (drop_path): DropPath()
                (norm2): LayerNorm((120,), eps=1e-05, elementwise_affine=True)
                (mlp): Mlp(
                  (fc1): Linear(in_features=120, out_features=240, bias=True)
                  (act): GELU(approximate='none')
                  (fc2): Linear(in_features=240, out_features=120, bias=True)
                  (drop): Dropout(p=0.0, inplace=False)
                )
              )
            )
          )
          (conv): Conv2d(120, 120, kernel_size=(3, 3), stride=(1, 1), padding=(1, 1))
          (patch_embed): PatchEmbed()
          (patch_unembed): PatchUnEmbed()
        )
      )
      (norm): LayerNorm((120,), eps=1e-05, elementwise_affine=True)
      (conv_after_body): Conv2d(120, 120, kernel_size=(3, 3), stride=(1, 1), padding=(1, 1))
      (lrelu): LeakyReLU(negative_slope=0.1, inplace=True)
      (conv_before_upsample): Conv2d(120, 64, kernel_size=(3, 3), stride=(1, 1), padding=(1, 1))
    )
  )
  (upconv1): Conv2d(64, 256, kernel_size=(3, 3), stride=(1, 1), padding=(1, 1))
  (upconv2): Conv2d(64, 256, kernel_size=(3, 3), stride=(1, 1), padding=(1, 1))
  (pixel_shuffle): PixelShuffle(upscale_factor=2)
  (conv_hr): Conv2d(64, 64, kernel_size=(3, 3), stride=(1, 1), padding=(1, 1))
  (conv_last): Conv2d(64, 3, kernel_size=(3, 3), stride=(1, 1), padding=(1, 1))
  (img_upsample): Upsample(scale_factor=4.0, mode='bilinear')
  (lrelu): LeakyReLU(negative_slope=0.1, inplace=True)
  (implicit_warp): ImplicitWarpModule(
    (q): Linear(in_features=120, out_features=120, bias=True)
    (k): Linear(in_features=120, out_features=120, bias=True)
    (v): Linear(in_features=120, out_features=120, bias=True)
    (softmax): Softmax(dim=-1)
  )
)
2025-11-21 16:25:09,291 INFO: Use Exponential Moving Average with decay: 0.999
2025-11-21 16:25:09,494 INFO: Network [IART] is created.
2025-11-21 16:25:09,644 INFO: Loss [CharbonnierLoss] is created.
2025-11-21 16:25:09,644 INFO: Multiple the learning rate for flow network with 0.125.
2025-11-21 16:25:09,654 INFO: Model [RecurrentMixPrecisionRTModel] is created.
2025-11-21 16:25:36,095 INFO: Sanity checking for validation.
2025-11-21 16:25:36,095 INFO: Start training from epoch: 0, iter: 0
2025-11-21 16:26:05,161 INFO: Fix flow network and feature extractor for 5000 iters.
2025-11-21 16:26:17,630 INFO: [IART_..][epoch:  0, iter:       1, lr:(2.000e-04,2.500e-05,)] [eta: 0:00:00, time (data): 41.535 (29.055)] l_pix: 4.5432e-02 
2025-11-21 16:26:25,869 INFO: [IART_..][epoch:  0, iter:       2, lr:(2.000e-04,2.500e-05,)] [eta: 19 days, 1:44:16, time (data): 24.887 (14.527)] l_pix: 5.3944e-02 
2025-11-21 16:26:34,002 INFO: [IART_..][epoch:  0, iter:       3, lr:(2.000e-04,2.500e-05,)] [eta: 28 days, 10:10:04, time (data): 19.302 (9.685)] l_pix: 3.7578e-02 
2025-11-21 16:26:42,213 INFO: [IART_..][epoch:  0, iter:       4, lr:(2.000e-04,2.500e-05,)] [eta: 34 days, 3:26:05, time (data): 16.529 (7.265)] l_pix: 5.2936e-02 
2025-11-21 16:26:50,310 INFO: [IART_..][epoch:  0, iter:       5, lr:(2.000e-04,2.500e-05,)] [eta: 37 days, 19:45:55, time (data): 14.843 (5.812)] l_pix: 3.8552e-02 
2025-11-21 16:26:58,662 INFO: [IART_..][epoch:  0, iter:       6, lr:(2.000e-04,2.500e-05,)] [eta: 40 days, 16:56:29, time (data): 13.761 (4.844)] l_pix: 2.9574e-02 
2025-11-21 16:27:07,236 INFO: [IART_..][epoch:  0, iter:       7, lr:(2.000e-04,2.500e-05,)] [eta: 43 days, 1:27:15, time (data): 13.020 (4.152)] l_pix: 2.4171e-02 
